<?xml version="1.0"?>
<ArrayOfDevice xmlns:xsd="http://www.w3.org/2001/XMLSchema" xmlns:xsi="http://www.w3.org/2001/XMLSchema-instance">
  <Device>
    <Registers>
      <Register>
        <UseMults>false</UseMults>
        <Title>Default Register Title</Title>
        <devName>devName</devName>
        <Offset>300001</Offset>
        <Adress>1</Adress>
        <A>1</A>
        <strA />
        <B>0</B>
        <strB />
        <Status>true</Status>
        <Type>HOLDING_REGISTER</Type>
        <dataType>Int32</dataType>
        <byteOrder>BIGENDIAN</byteOrder>
        <Represent>DEC</Represent>
        <ValArr>AAAAEQ==</ValArr>
      </Register>
      <Register>
        <UseMults>false</UseMults>
        <Title>Default Register Title</Title>
        <devName>devName</devName>
        <Offset>300001</Offset>
        <Adress>2</Adress>
        <A>1</A>
        <strA />
        <B>0</B>
        <strB />
        <Status>false</Status>
        <Type>HOLDING_REGISTER</Type>
        <dataType>Int16</dataType>
        <byteOrder>BIGENDIAN</byteOrder>
        <Represent>DEC</Represent>
        <ValArr>ABE=</ValArr>
      </Register>
      <Register>
        <UseMults>false</UseMults>
        <Title>Default Register Title</Title>
        <devName>devName</devName>
        <Offset>300001</Offset>
        <Adress>3</Adress>
        <A>1</A>
        <strA />
        <B>0</B>
        <strB />
        <Status>true</Status>
        <Type>HOLDING_REGISTER</Type>
        <dataType>Int16</dataType>
        <byteOrder>BIGENDIAN</byteOrder>
        <Represent>DEC</Represent>
        <ValArr>AAA=</ValArr>
      </Register>
      <Register>
        <UseMults>false</UseMults>
        <Title>Default Register Title</Title>
        <devName>devName</devName>
        <Offset>300001</Offset>
        <Adress>4</Adress>
        <A>1</A>
        <strA />
        <B>0</B>
        <strB />
        <Status>true</Status>
        <Type>HOLDING_REGISTER</Type>
        <dataType>Int16</dataType>
        <byteOrder>BIGENDIAN</byteOrder>
        <Represent>DEC</Represent>
        <ValArr>AAA=</ValArr>
      </Register>
      <Register>
        <UseMults>false</UseMults>
        <Title>Default Register Title</Title>
        <devName>devName</devName>
        <Offset>300001</Offset>
        <Adress>5</Adress>
        <A>1</A>
        <strA />
        <B>0</B>
        <strB />
        <Status>true</Status>
        <Type>HOLDING_REGISTER</Type>
        <dataType>Int16</dataType>
        <byteOrder>BIGENDIAN</byteOrder>
        <Represent>DEC</Represent>
        <ValArr>AAA=</ValArr>
      </Register>
      <Register>
        <UseMults>false</UseMults>
        <Title>Default Register Title</Title>
        <devName>devName</devName>
        <Offset>300001</Offset>
        <Adress>6</Adress>
        <A>1</A>
        <strA />
        <B>0</B>
        <strB />
        <Status>true</Status>
        <Type>HOLDING_REGISTER</Type>
        <dataType>Int16</dataType>
        <byteOrder>BIGENDIAN</byteOrder>
        <Represent>DEC</Represent>
        <ValArr>AAA=</ValArr>
      </Register>
      <Register>
        <UseMults>false</UseMults>
        <Title>Default Register Title</Title>
        <devName>devName</devName>
        <Offset>300001</Offset>
        <Adress>7</Adress>
        <A>1</A>
        <strA />
        <B>0</B>
        <strB />
        <Status>true</Status>
        <Type>HOLDING_REGISTER</Type>
        <dataType>Int16</dataType>
        <byteOrder>BIGENDIAN</byteOrder>
        <Represent>DEC</Represent>
        <ValArr>AAA=</ValArr>
      </Register>
      <Register>
        <UseMults>false</UseMults>
        <Title>Default Register Title</Title>
        <devName>devName</devName>
        <Offset>300001</Offset>
        <Adress>8</Adress>
        <A>1</A>
        <strA />
        <B>0</B>
        <strB />
        <Status>true</Status>
        <Type>HOLDING_REGISTER</Type>
        <dataType>Int16</dataType>
        <byteOrder>BIGENDIAN</byteOrder>
        <Represent>DEC</Represent>
        <ValArr>AAA=</ValArr>
      </Register>
      <Register>
        <UseMults>false</UseMults>
        <Title>Default Register Title</Title>
        <devName>devName</devName>
        <Offset>300001</Offset>
        <Adress>9</Adress>
        <A>1</A>
        <strA />
        <B>0</B>
        <strB />
        <Status>true</Status>
        <Type>HOLDING_REGISTER</Type>
        <dataType>Int16</dataType>
        <byteOrder>BIGENDIAN</byteOrder>
        <Represent>DEC</Represent>
        <ValArr>AAA=</ValArr>
      </Register>
      <Register>
        <UseMults>false</UseMults>
        <Title>Default Register Title</Title>
        <devName>devName</devName>
        <Offset>300001</Offset>
        <Adress>10</Adress>
        <A>1</A>
        <strA />
        <B>0</B>
        <strB />
        <Status>true</Status>
        <Type>HOLDING_REGISTER</Type>
        <dataType>Int16</dataType>
        <byteOrder>BIGENDIAN</byteOrder>
        <Represent>DEC</Represent>
        <ValArr>AAA=</ValArr>
      </Register>
      <Register>
        <UseMults>false</UseMults>
        <Title>Default Register Title</Title>
        <devName>devName</devName>
        <Offset>300001</Offset>
        <Adress>11</Adress>
        <A>1</A>
        <strA />
        <B>0</B>
        <strB />
        <Status>true</Status>
        <Type>HOLDING_REGISTER</Type>
        <dataType>Int32</dataType>
        <byteOrder>BIGENDIAN</byteOrder>
        <Represent>DEC</Represent>
        <ValArr>AAAAEQ==</ValArr>
      </Register>
      <Register>
        <UseMults>false</UseMults>
        <Title>Default Register Title</Title>
        <devName>devName</devName>
        <Offset>300001</Offset>
        <Adress>12</Adress>
        <A>1</A>
        <strA />
        <B>0</B>
        <strB />
        <Status>false</Status>
        <Type>HOLDING_REGISTER</Type>
        <dataType>Int16</dataType>
        <byteOrder>BIGENDIAN</byteOrder>
        <Represent>DEC</Represent>
        <ValArr>ABE=</ValArr>
      </Register>
      <Register>
        <UseMults>true</UseMults>
        <Title>Напряжение</Title>
        <devName>devName</devName>
        <Offset>300001</Offset>
        <Adress>13</Adress>
        <A>0.1</A>
        <strA>0,1</strA>
        <B>0</B>
        <strB>0</strB>
        <Status>true</Status>
        <Type>HOLDING_REGISTER</Type>
        <dataType>Int16</dataType>
        <byteOrder>BIGENDIAN</byteOrder>
        <Represent>DEC</Represent>
        <ValArr>CRc=</ValArr>
      </Register>
      <Register>
        <UseMults>false</UseMults>
        <Title>Default Register Title</Title>
        <devName>devName</devName>
        <Offset>300001</Offset>
        <Adress>14</Adress>
        <A>1</A>
        <strA />
        <B>0</B>
        <strB />
        <Status>true</Status>
        <Type>HOLDING_REGISTER</Type>
        <dataType>Int16</dataType>
        <byteOrder>BIGENDIAN</byteOrder>
        <Represent>DEC</Represent>
        <ValArr>AAA=</ValArr>
      </Register>
      <Register>
        <UseMults>false</UseMults>
        <Title>Default Register Title</Title>
        <devName>devName</devName>
        <Offset>300001</Offset>
        <Adress>15</Adress>
        <A>1</A>
        <strA />
        <B>0</B>
        <strB />
        <Status>true</Status>
        <Type>HOLDING_REGISTER</Type>
        <dataType>Int16</dataType>
        <byteOrder>BIGENDIAN</byteOrder>
        <Represent>DEC</Represent>
        <ValArr>AAA=</ValArr>
      </Register>
      <Register>
        <UseMults>false</UseMults>
        <Title>Default Register Title</Title>
        <devName>devName</devName>
        <Offset>300001</Offset>
        <Adress>16</Adress>
        <A>1</A>
        <strA />
        <B>0</B>
        <strB />
        <Status>true</Status>
        <Type>HOLDING_REGISTER</Type>
        <dataType>Int16</dataType>
        <byteOrder>BIGENDIAN</byteOrder>
        <Represent>DEC</Represent>
        <ValArr>AAA=</ValArr>
      </Register>
      <Register>
        <UseMults>true</UseMults>
        <Title>Косинус</Title>
        <devName>devName</devName>
        <Offset>300001</Offset>
        <Adress>17</Adress>
        <A>0.001</A>
        <strA>0,001</strA>
        <B>0</B>
        <strB>0</strB>
        <Status>true</Status>
        <Type>HOLDING_REGISTER</Type>
        <dataType>Int16</dataType>
        <byteOrder>BIGENDIAN</byteOrder>
        <Represent>DEC</Represent>
        <ValArr>A+g=</ValArr>
      </Register>
      <Register>
        <UseMults>true</UseMults>
        <Title>Частота</Title>
        <devName>devName</devName>
        <Offset>300001</Offset>
        <Adress>18</Adress>
        <A>0.01</A>
        <strA>0,01</strA>
        <B>0</B>
        <strB>0</strB>
        <Status>true</Status>
        <Type>HOLDING_REGISTER</Type>
        <dataType>Int16</dataType>
        <byteOrder>BIGENDIAN</byteOrder>
        <Represent>DEC</Represent>
        <ValArr>E4k=</ValArr>
      </Register>
      <Register>
        <UseMults>false</UseMults>
        <Title>Default Register Title</Title>
        <devName>devName</devName>
        <Offset>300001</Offset>
        <Adress>19</Adress>
        <A>1</A>
        <strA />
        <B>0</B>
        <strB />
        <Status>true</Status>
        <Type>HOLDING_REGISTER</Type>
        <dataType>Int16</dataType>
        <byteOrder>BIGENDIAN</byteOrder>
        <Represent>DEC</Represent>
        <ValArr>AAA=</ValArr>
      </Register>
      <Register>
        <UseMults>false</UseMults>
        <Title>Default Register Title</Title>
        <devName>devName</devName>
        <Offset>300001</Offset>
        <Adress>20</Adress>
        <A>1</A>
        <strA />
        <B>0</B>
        <strB />
        <Status>true</Status>
        <Type>HOLDING_REGISTER</Type>
        <dataType>Int16</dataType>
        <byteOrder>BIGENDIAN</byteOrder>
        <Represent>DEC</Represent>
        <ValArr>AAA=</ValArr>
      </Register>
    </Registers>
    <deviceName>devName</deviceName>
    <deviceAdress>1</deviceAdress>
    <Status>true</Status>
  </Device>
</ArrayOfDevice>