<?xml version="1.0"?>
<ArrayOfDevice xmlns:xsd="http://www.w3.org/2001/XMLSchema" xmlns:xsi="http://www.w3.org/2001/XMLSchema-instance">
  <Device>
    <Registers>
      <Register>
        <UseMults>false</UseMults>
        <Title>Default Register Title</Title>
        <devName>devName</devName>
        <Offset>300000</Offset>
        <Adress>1</Adress>
        <A>1</A>
        <strA />
        <B>0</B>
        <strB />
        <Status>true</Status>
        <Type>HOLDING_REGISTER</Type>
        <dataType>Int16</dataType>
        <byteOrder>BIGENDIAN</byteOrder>
        <Represent>DEC</Represent>
      </Register>
      <Register>
        <UseMults>false</UseMults>
        <Title>Default Register Title</Title>
        <devName>devName</devName>
        <Offset>300000</Offset>
        <Adress>2</Adress>
        <A>1</A>
        <strA />
        <B>0</B>
        <strB />
        <Status>true</Status>
        <Type>HOLDING_REGISTER</Type>
        <dataType>Int16</dataType>
        <byteOrder>BIGENDIAN</byteOrder>
        <Represent>DEC</Represent>
      </Register>
      <Register>
        <UseMults>false</UseMults>
        <Title>Default Register Title</Title>
        <devName>devName</devName>
        <Offset>300000</Offset>
        <Adress>3</Adress>
        <A>1</A>
        <strA />
        <B>0</B>
        <strB />
        <Status>true</Status>
        <Type>HOLDING_REGISTER</Type>
        <dataType>Int16</dataType>
        <byteOrder>BIGENDIAN</byteOrder>
        <Represent>DEC</Represent>
      </Register>
      <Register>
        <UseMults>false</UseMults>
        <Title>Default Register Title</Title>
        <devName>devName</devName>
        <Offset>300000</Offset>
        <Adress>4</Adress>
        <A>1</A>
        <strA />
        <B>0</B>
        <strB />
        <Status>true</Status>
        <Type>HOLDING_REGISTER</Type>
        <dataType>Int16</dataType>
        <byteOrder>BIGENDIAN</byteOrder>
        <Represent>DEC</Represent>
      </Register>
      <Register>
        <UseMults>false</UseMults>
        <Title>Default Register Title</Title>
        <devName>devName</devName>
        <Offset>300000</Offset>
        <Adress>5</Adress>
        <A>1</A>
        <strA />
        <B>0</B>
        <strB />
        <Status>true</Status>
        <Type>HOLDING_REGISTER</Type>
        <dataType>Int16</dataType>
        <byteOrder>BIGENDIAN</byteOrder>
        <Represent>DEC</Represent>
      </Register>
      <Register>
        <UseMults>false</UseMults>
        <Title>Default Register Title</Title>
        <devName>devName</devName>
        <Offset>300000</Offset>
        <Adress>6</Adress>
        <A>1</A>
        <strA />
        <B>0</B>
        <strB />
        <Status>true</Status>
        <Type>HOLDING_REGISTER</Type>
        <dataType>Int16</dataType>
        <byteOrder>BIGENDIAN</byteOrder>
        <Represent>DEC</Represent>
      </Register>
      <Register>
        <UseMults>false</UseMults>
        <Title>Default Register Title</Title>
        <devName>devName</devName>
        <Offset>300000</Offset>
        <Adress>7</Adress>
        <A>1</A>
        <strA />
        <B>0</B>
        <strB />
        <Status>true</Status>
        <Type>HOLDING_REGISTER</Type>
        <dataType>Int16</dataType>
        <byteOrder>BIGENDIAN</byteOrder>
        <Represent>DEC</Represent>
      </Register>
      <Register>
        <UseMults>false</UseMults>
        <Title>Default Register Title</Title>
        <devName>devName</devName>
        <Offset>300000</Offset>
        <Adress>8</Adress>
        <A>1</A>
        <strA />
        <B>0</B>
        <strB />
        <Status>true</Status>
        <Type>HOLDING_REGISTER</Type>
        <dataType>Int16</dataType>
        <byteOrder>BIGENDIAN</byteOrder>
        <Represent>DEC</Represent>
      </Register>
      <Register>
        <UseMults>false</UseMults>
        <Title>Default Register Title</Title>
        <devName>devName</devName>
        <Offset>300000</Offset>
        <Adress>9</Adress>
        <A>1</A>
        <strA />
        <B>0</B>
        <strB />
        <Status>true</Status>
        <Type>HOLDING_REGISTER</Type>
        <dataType>Int16</dataType>
        <byteOrder>BIGENDIAN</byteOrder>
        <Represent>DEC</Represent>
      </Register>
      <Register>
        <UseMults>false</UseMults>
        <Title>Default Register Title</Title>
        <devName>devName</devName>
        <Offset>300000</Offset>
        <Adress>10</Adress>
        <A>1</A>
        <strA />
        <B>0</B>
        <strB />
        <Status>true</Status>
        <Type>HOLDING_REGISTER</Type>
        <dataType>Int16</dataType>
        <byteOrder>BIGENDIAN</byteOrder>
        <Represent>DEC</Represent>
      </Register>
      <Register>
        <UseMults>false</UseMults>
        <Title>Default Register Title</Title>
        <devName>devName</devName>
        <Offset>300000</Offset>
        <Adress>11</Adress>
        <A>1</A>
        <strA />
        <B>0</B>
        <strB />
        <Status>true</Status>
        <Type>HOLDING_REGISTER</Type>
        <dataType>Int16</dataType>
        <byteOrder>BIGENDIAN</byteOrder>
        <Represent>DEC</Represent>
      </Register>
      <Register>
        <UseMults>false</UseMults>
        <Title>Default Register Title</Title>
        <devName>devName</devName>
        <Offset>300000</Offset>
        <Adress>12</Adress>
        <A>1</A>
        <strA />
        <B>0</B>
        <strB />
        <Status>true</Status>
        <Type>HOLDING_REGISTER</Type>
        <dataType>Int16</dataType>
        <byteOrder>BIGENDIAN</byteOrder>
        <Represent>DEC</Represent>
      </Register>
      <Register>
        <UseMults>false</UseMults>
        <Title>Default Register Title</Title>
        <devName>devName</devName>
        <Offset>300000</Offset>
        <Adress>13</Adress>
        <A>1</A>
        <strA />
        <B>0</B>
        <strB />
        <Status>true</Status>
        <Type>HOLDING_REGISTER</Type>
        <dataType>Int16</dataType>
        <byteOrder>BIGENDIAN</byteOrder>
        <Represent>DEC</Represent>
      </Register>
      <Register>
        <UseMults>false</UseMults>
        <Title>Default Register Title</Title>
        <devName>devName</devName>
        <Offset>300000</Offset>
        <Adress>14</Adress>
        <A>1</A>
        <strA />
        <B>0</B>
        <strB />
        <Status>true</Status>
        <Type>HOLDING_REGISTER</Type>
        <dataType>Int16</dataType>
        <byteOrder>BIGENDIAN</byteOrder>
        <Represent>DEC</Represent>
      </Register>
      <Register>
        <UseMults>false</UseMults>
        <Title>Default Register Title</Title>
        <devName>devName</devName>
        <Offset>300000</Offset>
        <Adress>15</Adress>
        <A>1</A>
        <strA />
        <B>0</B>
        <strB />
        <Status>true</Status>
        <Type>HOLDING_REGISTER</Type>
        <dataType>Int16</dataType>
        <byteOrder>BIGENDIAN</byteOrder>
        <Represent>DEC</Represent>
      </Register>
      <Register>
        <UseMults>false</UseMults>
        <Title>Default Register Title</Title>
        <devName>devName</devName>
        <Offset>300000</Offset>
        <Adress>16</Adress>
        <A>1</A>
        <strA />
        <B>0</B>
        <strB />
        <Status>true</Status>
        <Type>HOLDING_REGISTER</Type>
        <dataType>Int16</dataType>
        <byteOrder>BIGENDIAN</byteOrder>
        <Represent>DEC</Represent>
      </Register>
      <Register>
        <UseMults>false</UseMults>
        <Title>Default Register Title</Title>
        <devName>devName</devName>
        <Offset>300000</Offset>
        <Adress>17</Adress>
        <A>1</A>
        <strA />
        <B>0</B>
        <strB />
        <Status>true</Status>
        <Type>HOLDING_REGISTER</Type>
        <dataType>Int16</dataType>
        <byteOrder>BIGENDIAN</byteOrder>
        <Represent>DEC</Represent>
      </Register>
      <Register>
        <UseMults>false</UseMults>
        <Title>Default Register Title</Title>
        <devName>devName</devName>
        <Offset>300000</Offset>
        <Adress>18</Adress>
        <A>1</A>
        <strA />
        <B>0</B>
        <strB />
        <Status>true</Status>
        <Type>HOLDING_REGISTER</Type>
        <dataType>Int16</dataType>
        <byteOrder>BIGENDIAN</byteOrder>
        <Represent>DEC</Represent>
      </Register>
      <Register>
        <UseMults>false</UseMults>
        <Title>Default Register Title</Title>
        <devName>devName</devName>
        <Offset>300000</Offset>
        <Adress>19</Adress>
        <A>1</A>
        <strA />
        <B>0</B>
        <strB />
        <Status>true</Status>
        <Type>HOLDING_REGISTER</Type>
        <dataType>Int16</dataType>
        <byteOrder>BIGENDIAN</byteOrder>
        <Represent>DEC</Represent>
      </Register>
      <Register>
        <UseMults>false</UseMults>
        <Title>Default Register Title</Title>
        <devName>devName</devName>
        <Offset>300000</Offset>
        <Adress>20</Adress>
        <A>1</A>
        <strA />
        <B>0</B>
        <strB />
        <Status>true</Status>
        <Type>HOLDING_REGISTER</Type>
        <dataType>Int16</dataType>
        <byteOrder>BIGENDIAN</byteOrder>
        <Represent>DEC</Represent>
      </Register>
    </Registers>
    <deviceName>devName</deviceName>
    <deviceAdress>1</deviceAdress>
    <Status>true</Status>
  </Device>
  <Device>
    <Registers>
      <Register>
        <UseMults>false</UseMults>
        <Title>Default Register Title</Title>
        <devName>devName2</devName>
        <Offset>300000</Offset>
        <Adress>1</Adress>
        <A>1</A>
        <strA />
        <B>0</B>
        <strB />
        <Status>true</Status>
        <Type>HOLDING_REGISTER</Type>
        <dataType>Int16</dataType>
        <byteOrder>BIGENDIAN</byteOrder>
        <Represent>DEC</Represent>
      </Register>
      <Register>
        <UseMults>false</UseMults>
        <Title>Default Register Title</Title>
        <devName>devName2</devName>
        <Offset>300000</Offset>
        <Adress>2</Adress>
        <A>1</A>
        <strA />
        <B>0</B>
        <strB />
        <Status>true</Status>
        <Type>HOLDING_REGISTER</Type>
        <dataType>Int16</dataType>
        <byteOrder>BIGENDIAN</byteOrder>
        <Represent>DEC</Represent>
      </Register>
      <Register>
        <UseMults>false</UseMults>
        <Title>Default Register Title</Title>
        <devName>devName2</devName>
        <Offset>300000</Offset>
        <Adress>3</Adress>
        <A>1</A>
        <strA />
        <B>0</B>
        <strB />
        <Status>true</Status>
        <Type>HOLDING_REGISTER</Type>
        <dataType>Int16</dataType>
        <byteOrder>BIGENDIAN</byteOrder>
        <Represent>DEC</Represent>
      </Register>
      <Register>
        <UseMults>false</UseMults>
        <Title>Default Register Title</Title>
        <devName>devName2</devName>
        <Offset>300000</Offset>
        <Adress>4</Adress>
        <A>1</A>
        <strA />
        <B>0</B>
        <strB />
        <Status>true</Status>
        <Type>HOLDING_REGISTER</Type>
        <dataType>Int16</dataType>
        <byteOrder>BIGENDIAN</byteOrder>
        <Represent>DEC</Represent>
      </Register>
      <Register>
        <UseMults>false</UseMults>
        <Title>Default Register Title</Title>
        <devName>devName2</devName>
        <Offset>300000</Offset>
        <Adress>5</Adress>
        <A>1</A>
        <strA />
        <B>0</B>
        <strB />
        <Status>true</Status>
        <Type>HOLDING_REGISTER</Type>
        <dataType>Int16</dataType>
        <byteOrder>BIGENDIAN</byteOrder>
        <Represent>DEC</Represent>
      </Register>
      <Register>
        <UseMults>false</UseMults>
        <Title>Default Register Title</Title>
        <devName>devName2</devName>
        <Offset>300000</Offset>
        <Adress>6</Adress>
        <A>1</A>
        <strA />
        <B>0</B>
        <strB />
        <Status>true</Status>
        <Type>HOLDING_REGISTER</Type>
        <dataType>Int16</dataType>
        <byteOrder>BIGENDIAN</byteOrder>
        <Represent>DEC</Represent>
      </Register>
      <Register>
        <UseMults>false</UseMults>
        <Title>Default Register Title</Title>
        <devName>devName2</devName>
        <Offset>300000</Offset>
        <Adress>7</Adress>
        <A>1</A>
        <strA />
        <B>0</B>
        <strB />
        <Status>true</Status>
        <Type>HOLDING_REGISTER</Type>
        <dataType>Int16</dataType>
        <byteOrder>BIGENDIAN</byteOrder>
        <Represent>DEC</Represent>
      </Register>
      <Register>
        <UseMults>false</UseMults>
        <Title>Default Register Title</Title>
        <devName>devName2</devName>
        <Offset>300000</Offset>
        <Adress>8</Adress>
        <A>1</A>
        <strA />
        <B>0</B>
        <strB />
        <Status>true</Status>
        <Type>HOLDING_REGISTER</Type>
        <dataType>Int16</dataType>
        <byteOrder>BIGENDIAN</byteOrder>
        <Represent>DEC</Represent>
      </Register>
      <Register>
        <UseMults>false</UseMults>
        <Title>Default Register Title</Title>
        <devName>devName2</devName>
        <Offset>300000</Offset>
        <Adress>9</Adress>
        <A>1</A>
        <strA />
        <B>0</B>
        <strB />
        <Status>true</Status>
        <Type>HOLDING_REGISTER</Type>
        <dataType>Int16</dataType>
        <byteOrder>BIGENDIAN</byteOrder>
        <Represent>DEC</Represent>
      </Register>
      <Register>
        <UseMults>false</UseMults>
        <Title>Default Register Title</Title>
        <devName>devName2</devName>
        <Offset>300000</Offset>
        <Adress>10</Adress>
        <A>1</A>
        <strA />
        <B>0</B>
        <strB />
        <Status>true</Status>
        <Type>HOLDING_REGISTER</Type>
        <dataType>Int16</dataType>
        <byteOrder>BIGENDIAN</byteOrder>
        <Represent>DEC</Represent>
      </Register>
      <Register>
        <UseMults>false</UseMults>
        <Title>Default Register Title</Title>
        <devName>devName2</devName>
        <Offset>300000</Offset>
        <Adress>11</Adress>
        <A>1</A>
        <strA />
        <B>0</B>
        <strB />
        <Status>true</Status>
        <Type>HOLDING_REGISTER</Type>
        <dataType>Int16</dataType>
        <byteOrder>BIGENDIAN</byteOrder>
        <Represent>DEC</Represent>
      </Register>
      <Register>
        <UseMults>false</UseMults>
        <Title>Default Register Title</Title>
        <devName>devName2</devName>
        <Offset>300000</Offset>
        <Adress>12</Adress>
        <A>1</A>
        <strA />
        <B>0</B>
        <strB />
        <Status>true</Status>
        <Type>HOLDING_REGISTER</Type>
        <dataType>Int16</dataType>
        <byteOrder>BIGENDIAN</byteOrder>
        <Represent>DEC</Represent>
      </Register>
      <Register>
        <UseMults>false</UseMults>
        <Title>Default Register Title</Title>
        <devName>devName2</devName>
        <Offset>300000</Offset>
        <Adress>13</Adress>
        <A>1</A>
        <strA />
        <B>0</B>
        <strB />
        <Status>true</Status>
        <Type>HOLDING_REGISTER</Type>
        <dataType>Int16</dataType>
        <byteOrder>BIGENDIAN</byteOrder>
        <Represent>DEC</Represent>
      </Register>
      <Register>
        <UseMults>false</UseMults>
        <Title>Default Register Title</Title>
        <devName>devName2</devName>
        <Offset>300000</Offset>
        <Adress>14</Adress>
        <A>1</A>
        <strA />
        <B>0</B>
        <strB />
        <Status>true</Status>
        <Type>HOLDING_REGISTER</Type>
        <dataType>Int16</dataType>
        <byteOrder>BIGENDIAN</byteOrder>
        <Represent>DEC</Represent>
      </Register>
      <Register>
        <UseMults>false</UseMults>
        <Title>Default Register Title</Title>
        <devName>devName2</devName>
        <Offset>300000</Offset>
        <Adress>15</Adress>
        <A>1</A>
        <strA />
        <B>0</B>
        <strB />
        <Status>true</Status>
        <Type>HOLDING_REGISTER</Type>
        <dataType>Int16</dataType>
        <byteOrder>BIGENDIAN</byteOrder>
        <Represent>DEC</Represent>
      </Register>
      <Register>
        <UseMults>false</UseMults>
        <Title>Default Register Title</Title>
        <devName>devName2</devName>
        <Offset>300000</Offset>
        <Adress>16</Adress>
        <A>1</A>
        <strA />
        <B>0</B>
        <strB />
        <Status>true</Status>
        <Type>HOLDING_REGISTER</Type>
        <dataType>Int16</dataType>
        <byteOrder>BIGENDIAN</byteOrder>
        <Represent>DEC</Represent>
      </Register>
      <Register>
        <UseMults>false</UseMults>
        <Title>Default Register Title</Title>
        <devName>devName2</devName>
        <Offset>300000</Offset>
        <Adress>17</Adress>
        <A>1</A>
        <strA />
        <B>0</B>
        <strB />
        <Status>true</Status>
        <Type>HOLDING_REGISTER</Type>
        <dataType>Int16</dataType>
        <byteOrder>BIGENDIAN</byteOrder>
        <Represent>DEC</Represent>
      </Register>
      <Register>
        <UseMults>false</UseMults>
        <Title>Default Register Title</Title>
        <devName>devName2</devName>
        <Offset>300000</Offset>
        <Adress>18</Adress>
        <A>1</A>
        <strA />
        <B>0</B>
        <strB />
        <Status>true</Status>
        <Type>HOLDING_REGISTER</Type>
        <dataType>Int16</dataType>
        <byteOrder>BIGENDIAN</byteOrder>
        <Represent>DEC</Represent>
      </Register>
      <Register>
        <UseMults>false</UseMults>
        <Title>Default Register Title</Title>
        <devName>devName2</devName>
        <Offset>300000</Offset>
        <Adress>19</Adress>
        <A>1</A>
        <strA />
        <B>0</B>
        <strB />
        <Status>true</Status>
        <Type>HOLDING_REGISTER</Type>
        <dataType>Int16</dataType>
        <byteOrder>BIGENDIAN</byteOrder>
        <Represent>DEC</Represent>
      </Register>
      <Register>
        <UseMults>false</UseMults>
        <Title>Default Register Title</Title>
        <devName>devName2</devName>
        <Offset>300000</Offset>
        <Adress>20</Adress>
        <A>1</A>
        <strA />
        <B>0</B>
        <strB />
        <Status>true</Status>
        <Type>HOLDING_REGISTER</Type>
        <dataType>Int16</dataType>
        <byteOrder>BIGENDIAN</byteOrder>
        <Represent>DEC</Represent>
      </Register>
    </Registers>
    <deviceName>devName2</deviceName>
    <deviceAdress>2</deviceAdress>
    <Status>true</Status>
  </Device>
  <Device>
    <Registers>
      <Register>
        <UseMults>false</UseMults>
        <Title>Default Register Title</Title>
        <devName>devName3</devName>
        <Offset>300000</Offset>
        <Adress>1</Adress>
        <A>1</A>
        <strA />
        <B>0</B>
        <strB />
        <Status>true</Status>
        <Type>HOLDING_REGISTER</Type>
        <dataType>Int16</dataType>
        <byteOrder>BIGENDIAN</byteOrder>
        <Represent>DEC</Represent>
      </Register>
      <Register>
        <UseMults>false</UseMults>
        <Title>Default Register Title</Title>
        <devName>devName3</devName>
        <Offset>300000</Offset>
        <Adress>2</Adress>
        <A>1</A>
        <strA />
        <B>0</B>
        <strB />
        <Status>true</Status>
        <Type>HOLDING_REGISTER</Type>
        <dataType>Int16</dataType>
        <byteOrder>BIGENDIAN</byteOrder>
        <Represent>DEC</Represent>
      </Register>
      <Register>
        <UseMults>false</UseMults>
        <Title>Default Register Title</Title>
        <devName>devName3</devName>
        <Offset>300000</Offset>
        <Adress>3</Adress>
        <A>1</A>
        <strA />
        <B>0</B>
        <strB />
        <Status>true</Status>
        <Type>HOLDING_REGISTER</Type>
        <dataType>Int16</dataType>
        <byteOrder>BIGENDIAN</byteOrder>
        <Represent>DEC</Represent>
      </Register>
      <Register>
        <UseMults>false</UseMults>
        <Title>Default Register Title</Title>
        <devName>devName3</devName>
        <Offset>300000</Offset>
        <Adress>4</Adress>
        <A>1</A>
        <strA />
        <B>0</B>
        <strB />
        <Status>true</Status>
        <Type>HOLDING_REGISTER</Type>
        <dataType>Int16</dataType>
        <byteOrder>BIGENDIAN</byteOrder>
        <Represent>DEC</Represent>
      </Register>
      <Register>
        <UseMults>false</UseMults>
        <Title>Default Register Title</Title>
        <devName>devName3</devName>
        <Offset>300000</Offset>
        <Adress>5</Adress>
        <A>1</A>
        <strA />
        <B>0</B>
        <strB />
        <Status>true</Status>
        <Type>HOLDING_REGISTER</Type>
        <dataType>Int16</dataType>
        <byteOrder>BIGENDIAN</byteOrder>
        <Represent>DEC</Represent>
      </Register>
      <Register>
        <UseMults>false</UseMults>
        <Title>Default Register Title</Title>
        <devName>devName3</devName>
        <Offset>300000</Offset>
        <Adress>6</Adress>
        <A>1</A>
        <strA />
        <B>0</B>
        <strB />
        <Status>true</Status>
        <Type>HOLDING_REGISTER</Type>
        <dataType>Int16</dataType>
        <byteOrder>BIGENDIAN</byteOrder>
        <Represent>DEC</Represent>
      </Register>
      <Register>
        <UseMults>false</UseMults>
        <Title>Default Register Title</Title>
        <devName>devName3</devName>
        <Offset>300000</Offset>
        <Adress>7</Adress>
        <A>1</A>
        <strA />
        <B>0</B>
        <strB />
        <Status>true</Status>
        <Type>HOLDING_REGISTER</Type>
        <dataType>Int16</dataType>
        <byteOrder>BIGENDIAN</byteOrder>
        <Represent>DEC</Represent>
      </Register>
      <Register>
        <UseMults>false</UseMults>
        <Title>Default Register Title</Title>
        <devName>devName3</devName>
        <Offset>300000</Offset>
        <Adress>8</Adress>
        <A>1</A>
        <strA />
        <B>0</B>
        <strB />
        <Status>true</Status>
        <Type>HOLDING_REGISTER</Type>
        <dataType>Int16</dataType>
        <byteOrder>BIGENDIAN</byteOrder>
        <Represent>DEC</Represent>
      </Register>
      <Register>
        <UseMults>false</UseMults>
        <Title>Default Register Title</Title>
        <devName>devName3</devName>
        <Offset>300000</Offset>
        <Adress>9</Adress>
        <A>1</A>
        <strA />
        <B>0</B>
        <strB />
        <Status>true</Status>
        <Type>HOLDING_REGISTER</Type>
        <dataType>Int16</dataType>
        <byteOrder>BIGENDIAN</byteOrder>
        <Represent>DEC</Represent>
      </Register>
      <Register>
        <UseMults>false</UseMults>
        <Title>Default Register Title</Title>
        <devName>devName3</devName>
        <Offset>300000</Offset>
        <Adress>10</Adress>
        <A>1</A>
        <strA />
        <B>0</B>
        <strB />
        <Status>true</Status>
        <Type>HOLDING_REGISTER</Type>
        <dataType>Int16</dataType>
        <byteOrder>BIGENDIAN</byteOrder>
        <Represent>DEC</Represent>
      </Register>
      <Register>
        <UseMults>false</UseMults>
        <Title>Default Register Title</Title>
        <devName>devName3</devName>
        <Offset>300000</Offset>
        <Adress>11</Adress>
        <A>1</A>
        <strA />
        <B>0</B>
        <strB />
        <Status>true</Status>
        <Type>HOLDING_REGISTER</Type>
        <dataType>Int16</dataType>
        <byteOrder>BIGENDIAN</byteOrder>
        <Represent>DEC</Represent>
      </Register>
      <Register>
        <UseMults>false</UseMults>
        <Title>Default Register Title</Title>
        <devName>devName3</devName>
        <Offset>300000</Offset>
        <Adress>12</Adress>
        <A>1</A>
        <strA />
        <B>0</B>
        <strB />
        <Status>true</Status>
        <Type>HOLDING_REGISTER</Type>
        <dataType>Int16</dataType>
        <byteOrder>BIGENDIAN</byteOrder>
        <Represent>DEC</Represent>
      </Register>
      <Register>
        <UseMults>false</UseMults>
        <Title>Default Register Title</Title>
        <devName>devName3</devName>
        <Offset>300000</Offset>
        <Adress>13</Adress>
        <A>1</A>
        <strA />
        <B>0</B>
        <strB />
        <Status>true</Status>
        <Type>HOLDING_REGISTER</Type>
        <dataType>Int16</dataType>
        <byteOrder>BIGENDIAN</byteOrder>
        <Represent>DEC</Represent>
      </Register>
      <Register>
        <UseMults>false</UseMults>
        <Title>Default Register Title</Title>
        <devName>devName3</devName>
        <Offset>300000</Offset>
        <Adress>14</Adress>
        <A>1</A>
        <strA />
        <B>0</B>
        <strB />
        <Status>true</Status>
        <Type>HOLDING_REGISTER</Type>
        <dataType>Int16</dataType>
        <byteOrder>BIGENDIAN</byteOrder>
        <Represent>DEC</Represent>
      </Register>
      <Register>
        <UseMults>false</UseMults>
        <Title>Default Register Title</Title>
        <devName>devName3</devName>
        <Offset>300000</Offset>
        <Adress>15</Adress>
        <A>1</A>
        <strA />
        <B>0</B>
        <strB />
        <Status>true</Status>
        <Type>HOLDING_REGISTER</Type>
        <dataType>Int16</dataType>
        <byteOrder>BIGENDIAN</byteOrder>
        <Represent>DEC</Represent>
      </Register>
      <Register>
        <UseMults>false</UseMults>
        <Title>Default Register Title</Title>
        <devName>devName3</devName>
        <Offset>300000</Offset>
        <Adress>16</Adress>
        <A>1</A>
        <strA />
        <B>0</B>
        <strB />
        <Status>true</Status>
        <Type>HOLDING_REGISTER</Type>
        <dataType>Int16</dataType>
        <byteOrder>BIGENDIAN</byteOrder>
        <Represent>DEC</Represent>
      </Register>
      <Register>
        <UseMults>false</UseMults>
        <Title>Default Register Title</Title>
        <devName>devName3</devName>
        <Offset>300000</Offset>
        <Adress>17</Adress>
        <A>1</A>
        <strA />
        <B>0</B>
        <strB />
        <Status>true</Status>
        <Type>HOLDING_REGISTER</Type>
        <dataType>Int16</dataType>
        <byteOrder>BIGENDIAN</byteOrder>
        <Represent>DEC</Represent>
      </Register>
      <Register>
        <UseMults>false</UseMults>
        <Title>Default Register Title</Title>
        <devName>devName3</devName>
        <Offset>300000</Offset>
        <Adress>18</Adress>
        <A>1</A>
        <strA />
        <B>0</B>
        <strB />
        <Status>true</Status>
        <Type>HOLDING_REGISTER</Type>
        <dataType>Int16</dataType>
        <byteOrder>BIGENDIAN</byteOrder>
        <Represent>DEC</Represent>
      </Register>
      <Register>
        <UseMults>false</UseMults>
        <Title>Default Register Title</Title>
        <devName>devName3</devName>
        <Offset>300000</Offset>
        <Adress>19</Adress>
        <A>1</A>
        <strA />
        <B>0</B>
        <strB />
        <Status>true</Status>
        <Type>HOLDING_REGISTER</Type>
        <dataType>Int16</dataType>
        <byteOrder>BIGENDIAN</byteOrder>
        <Represent>DEC</Represent>
      </Register>
      <Register>
        <UseMults>false</UseMults>
        <Title>Default Register Title</Title>
        <devName>devName3</devName>
        <Offset>300000</Offset>
        <Adress>20</Adress>
        <A>1</A>
        <strA />
        <B>0</B>
        <strB />
        <Status>true</Status>
        <Type>HOLDING_REGISTER</Type>
        <dataType>Int16</dataType>
        <byteOrder>BIGENDIAN</byteOrder>
        <Represent>DEC</Represent>
      </Register>
    </Registers>
    <deviceName>devName3</deviceName>
    <deviceAdress>3</deviceAdress>
    <Status>true</Status>
  </Device>
</ArrayOfDevice>